Archive member included to satisfy reference by file (symbol)

c:/st/stm32cubeide_1.6.1/stm32cubeide/plugins/com.st.stm32cube.ide.mcu.externaltools.gnu-tools-for-stm32.9-2020-q2-update.win32_1.5.0.202011040924/tools/bin/../lib/gcc/arm-none-eabi/9.3.1/../../../../arm-none-eabi/lib/thumb/v6-m/nofp\libc_nano.a(lib_a-assert.o)
                              Core/Inc/libcanard/canard.o (__assert_func)
c:/st/stm32cubeide_1.6.1/stm32cubeide/plugins/com.st.stm32cube.ide.mcu.externaltools.gnu-tools-for-stm32.9-2020-q2-update.win32_1.5.0.202011040924/tools/bin/../lib/gcc/arm-none-eabi/9.3.1/../../../../arm-none-eabi/lib/thumb/v6-m/nofp\libc_nano.a(lib_a-errno.o)
                              Core/Src/syscalls.o (__errno)
c:/st/stm32cubeide_1.6.1/stm32cubeide/plugins/com.st.stm32cube.ide.mcu.externaltools.gnu-tools-for-stm32.9-2020-q2-update.win32_1.5.0.202011040924/tools/bin/../lib/gcc/arm-none-eabi/9.3.1/../../../../arm-none-eabi/lib/thumb/v6-m/nofp\libc_nano.a(lib_a-exit.o)
                              c:/st/stm32cubeide_1.6.1/stm32cubeide/plugins/com.st.stm32cube.ide.mcu.externaltools.gnu-tools-for-stm32.9-2020-q2-update.win32_1.5.0.202011040924/tools/bin/../lib/gcc/arm-none-eabi/9.3.1/../../../../arm-none-eabi/lib/thumb/v6-m/nofp/crt0.o (exit)
c:/st/stm32cubeide_1.6.1/stm32cubeide/plugins/com.st.stm32cube.ide.mcu.externaltools.gnu-tools-for-stm32.9-2020-q2-update.win32_1.5.0.202011040924/tools/bin/../lib/gcc/arm-none-eabi/9.3.1/../../../../arm-none-eabi/lib/thumb/v6-m/nofp\libc_nano.a(lib_a-fprintf.o)
                              c:/st/stm32cubeide_1.6.1/stm32cubeide/plugins/com.st.stm32cube.ide.mcu.externaltools.gnu-tools-for-stm32.9-2020-q2-update.win32_1.5.0.202011040924/tools/bin/../lib/gcc/arm-none-eabi/9.3.1/../../../../arm-none-eabi/lib/thumb/v6-m/nofp\libc_nano.a(lib_a-assert.o) (fiprintf)
c:/st/stm32cubeide_1.6.1/stm32cubeide/plugins/com.st.stm32cube.ide.mcu.externaltools.gnu-tools-for-stm32.9-2020-q2-update.win32_1.5.0.202011040924/tools/bin/../lib/gcc/arm-none-eabi/9.3.1/../../../../arm-none-eabi/lib/thumb/v6-m/nofp\libc_nano.a(lib_a-impure.o)
                              c:/st/stm32cubeide_1.6.1/stm32cubeide/plugins/com.st.stm32cube.ide.mcu.externaltools.gnu-tools-for-stm32.9-2020-q2-update.win32_1.5.0.202011040924/tools/bin/../lib/gcc/arm-none-eabi/9.3.1/../../../../arm-none-eabi/lib/thumb/v6-m/nofp\libc_nano.a(lib_a-exit.o) (_global_impure_ptr)
c:/st/stm32cubeide_1.6.1/stm32cubeide/plugins/com.st.stm32cube.ide.mcu.externaltools.gnu-tools-for-stm32.9-2020-q2-update.win32_1.5.0.202011040924/tools/bin/../lib/gcc/arm-none-eabi/9.3.1/../../../../arm-none-eabi/lib/thumb/v6-m/nofp\libc_nano.a(lib_a-init.o)
                              c:/st/stm32cubeide_1.6.1/stm32cubeide/plugins/com.st.stm32cube.ide.mcu.externaltools.gnu-tools-for-stm32.9-2020-q2-update.win32_1.5.0.202011040924/tools/bin/../lib/gcc/arm-none-eabi/9.3.1/../../../../arm-none-eabi/lib/thumb/v6-m/nofp/crt0.o (__libc_init_array)
c:/st/stm32cubeide_1.6.1/stm32cubeide/plugins/com.st.stm32cube.ide.mcu.externaltools.gnu-tools-for-stm32.9-2020-q2-update.win32_1.5.0.202011040924/tools/bin/../lib/gcc/arm-none-eabi/9.3.1/../../../../arm-none-eabi/lib/thumb/v6-m/nofp\libc_nano.a(lib_a-memcpy-stub.o)
                              Core/Inc/libcanard/canard.o (memcpy)
c:/st/stm32cubeide_1.6.1/stm32cubeide/plugins/com.st.stm32cube.ide.mcu.externaltools.gnu-tools-for-stm32.9-2020-q2-update.win32_1.5.0.202011040924/tools/bin/../lib/gcc/arm-none-eabi/9.3.1/../../../../arm-none-eabi/lib/thumb/v6-m/nofp\libc_nano.a(lib_a-memset.o)
                              c:/st/stm32cubeide_1.6.1/stm32cubeide/plugins/com.st.stm32cube.ide.mcu.externaltools.gnu-tools-for-stm32.9-2020-q2-update.win32_1.5.0.202011040924/tools/bin/../lib/gcc/arm-none-eabi/9.3.1/../../../../arm-none-eabi/lib/thumb/v6-m/nofp/crt0.o (memset)
c:/st/stm32cubeide_1.6.1/stm32cubeide/plugins/com.st.stm32cube.ide.mcu.externaltools.gnu-tools-for-stm32.9-2020-q2-update.win32_1.5.0.202011040924/tools/bin/../lib/gcc/arm-none-eabi/9.3.1/../../../../arm-none-eabi/lib/thumb/v6-m/nofp\libc_nano.a(lib_a-nano-vfprintf.o)
                              c:/st/stm32cubeide_1.6.1/stm32cubeide/plugins/com.st.stm32cube.ide.mcu.externaltools.gnu-tools-for-stm32.9-2020-q2-update.win32_1.5.0.202011040924/tools/bin/../lib/gcc/arm-none-eabi/9.3.1/../../../../arm-none-eabi/lib/thumb/v6-m/nofp\libc_nano.a(lib_a-fprintf.o) (_vfprintf_r)
c:/st/stm32cubeide_1.6.1/stm32cubeide/plugins/com.st.stm32cube.ide.mcu.externaltools.gnu-tools-for-stm32.9-2020-q2-update.win32_1.5.0.202011040924/tools/bin/../lib/gcc/arm-none-eabi/9.3.1/../../../../arm-none-eabi/lib/thumb/v6-m/nofp\libc_nano.a(lib_a-nano-vfprintf_i.o)
                              c:/st/stm32cubeide_1.6.1/stm32cubeide/plugins/com.st.stm32cube.ide.mcu.externaltools.gnu-tools-for-stm32.9-2020-q2-update.win32_1.5.0.202011040924/tools/bin/../lib/gcc/arm-none-eabi/9.3.1/../../../../arm-none-eabi/lib/thumb/v6-m/nofp\libc_nano.a(lib_a-nano-vfprintf.o) (_printf_i)
[...]
Memory Configuration

Name             Origin             Length             Attributes
RAM              0x0000000020000000 0x0000000000024000 xrw
FLASH            0x0000000008000000 0x0000000000080000 xr
*default*        0x0000000000000000 0xffffffffffffffff

Linker script and memory map

LOAD c:/st/stm32cubeide_1.6.1/stm32cubeide/plugins/com.st.stm32cube.ide.mcu.externaltools.gnu-tools-for-stm32.9-2020-q2-update.win32_1.5.0.202011040924/tools/bin/../lib/gcc/arm-none-eabi/9.3.1/thumb/v6-m/nofp/crti.o
LOAD c:/st/stm32cubeide_1.6.1/stm32cubeide/plugins/com.st.stm32cube.ide.mcu.externaltools.gnu-tools-for-stm32.9-2020-q2-update.win32_1.5.0.202011040924/tools/bin/../lib/gcc/arm-none-eabi/9.3.1/thumb/v6-m/nofp/crtbegin.o
LOAD c:/st/stm32cubeide_1.6.1/stm32cubeide/plugins/com.st.stm32cube.ide.mcu.externaltools.gnu-tools-for-stm32.9-2020-q2-update.win32_1.5.0.202011040924/tools/bin/../lib/gcc/arm-none-eabi/9.3.1/../../../../arm-none-eabi/lib/thumb/v6-m/nofp/crt0.o
LOAD Core/Inc/libcanard/canard.o
LOAD Core/Inc/libcanard/canard_dsdl.o
LOAD Core/Src/main.o
LOAD Core/Src/stm32g0xx_hal_msp.o
LOAD Core/Src/stm32g0xx_it.o
LOAD Core/Src/syscalls.o
LOAD Core/Src/sysmem.o
LOAD Core/Src/system_stm32g0xx.o
LOAD Core/Startup/startup_stm32g0b1retx.o
LOAD Drivers/STM32G0xx_HAL_Driver/Src/stm32g0xx_hal.o
LOAD Drivers/STM32G0xx_HAL_Driver/Src/stm32g0xx_hal_cortex.o
LOAD Drivers/STM32G0xx_HAL_Driver/Src/stm32g0xx_hal_dma.o
LOAD Drivers/STM32G0xx_HAL_Driver/Src/stm32g0xx_hal_dma_ex.o
LOAD Drivers/STM32G0xx_HAL_Driver/Src/stm32g0xx_hal_exti.o
LOAD Drivers/STM32G0xx_HAL_Driver/Src/stm32g0xx_hal_flash.o
LOAD Drivers/STM32G0xx_HAL_Driver/Src/stm32g0xx_hal_flash_ex.o
LOAD Drivers/STM32G0xx_HAL_Driver/Src/stm32g0xx_hal_gpio.o
LOAD Drivers/STM32G0xx_HAL_Driver/Src/stm32g0xx_hal_pwr.o
LOAD Drivers/STM32G0xx_HAL_Driver/Src/stm32g0xx_hal_pwr_ex.o
LOAD Drivers/STM32G0xx_HAL_Driver/Src/stm32g0xx_hal_rcc.o
LOAD Drivers/STM32G0xx_HAL_Driver/Src/stm32g0xx_hal_rcc_ex.o
LOAD Drivers/STM32G0xx_HAL_Driver/Src/stm32g0xx_hal_tim.o
LOAD Drivers/STM32G0xx_HAL_Driver/Src/stm32g0xx_hal_tim_ex.o
LOAD Drivers/STM32G0xx_HAL_Driver/Src/stm32g0xx_ll_dma.o
LOAD Drivers/STM32G0xx_HAL_Driver/Src/stm32g0xx_ll_rcc.o
START GROUP
LOAD c:/st/stm32cubeide_1.6.1/stm32cubeide/plugins/com.st.stm32cube.ide.mcu.externaltools.gnu-tools-for-stm32.9-2020-q2-update.win32_1.5.0.202011040924/tools/bin/../lib/gcc/arm-none-eabi/9.3.1/../../../../arm-none-eabi/lib/thumb/v6-m/nofp\libstdc++_nano.a
LOAD c:/st/stm32cubeide_1.6.1/stm32cubeide/plugins/com.st.stm32cube.ide.mcu.externaltools.gnu-tools-for-stm32.9-2020-q2-update.win32_1.5.0.202011040924/tools/bin/../lib/gcc/arm-none-eabi/9.3.1/../../../../arm-none-eabi/lib/thumb/v6-m/nofp\libsupc++_nano.a
END GROUP
LOAD c:/st/stm32cubeide_1.6.1/stm32cubeide/plugins/com.st.stm32cube.ide.mcu.externaltools.gnu-tools-for-stm32.9-2020-q2-update.win32_1.5.0.202011040924/tools/bin/../lib/gcc/arm-none-eabi/9.3.1/../../../../arm-none-eabi/lib/thumb/v6-m/nofp\libstdc++_nano.a
LOAD c:/st/stm32cubeide_1.6.1/stm32cubeide/plugins/com.st.stm32cube.ide.mcu.externaltools.gnu-tools-for-stm32.9-2020-q2-update.win32_1.5.0.202011040924/tools/bin/../lib/gcc/arm-none-eabi/9.3.1/../../../../arm-none-eabi/lib/thumb/v6-m/nofp\libm.a
LOAD c:/st/stm32cubeide_1.6.1/stm32cubeide/plugins/com.st.stm32cube.ide.mcu.externaltools.gnu-tools-for-stm32.9-2020-q2-update.win32_1.5.0.202011040924/tools/bin/../lib/gcc/arm-none-eabi/9.3.1/../../../../arm-none-eabi/lib/thumb/v6-m/nofp\libc_nano.a
START GROUP
LOAD c:/st/stm32cubeide_1.6.1/stm32cubeide/plugins/com.st.stm32cube.ide.mcu.externaltools.gnu-tools-for-stm32.9-2020-q2-update.win32_1.5.0.202011040924/tools/bin/../lib/gcc/arm-none-eabi/9.3.1/thumb/v6-m/nofp\libgcc.a
LOAD c:/st/stm32cubeide_1.6.1/stm32cubeide/plugins/com.st.stm32cube.ide.mcu.externaltools.gnu-tools-for-stm32.9-2020-q2-update.win32_1.5.0.202011040924/tools/bin/../lib/gcc/arm-none-eabi/9.3.1/../../../../arm-none-eabi/lib/thumb/v6-m/nofp\libc_nano.a
END GROUP
START GROUP
LOAD c:/st/stm32cubeide_1.6.1/stm32cubeide/plugins/com.st.stm32cube.ide.mcu.externaltools.gnu-tools-for-stm32.9-2020-q2-update.win32_1.5.0.202011040924/tools/bin/../lib/gcc/arm-none-eabi/9.3.1/thumb/v6-m/nofp\libgcc.a
LOAD c:/st/stm32cubeide_1.6.1/stm32cubeide/plugins/com.st.stm32cube.ide.mcu.externaltools.gnu-tools-for-stm32.9-2020-q2-update.win32_1.5.0.202011040924/tools/bin/../lib/gcc/arm-none-eabi/9.3.1/../../../../arm-none-eabi/lib/thumb/v6-m/nofp\libc_nano.a
LOAD c:/st/stm32cubeide_1.6.1/stm32cubeide/plugins/com.st.stm32cube.ide.mcu.externaltools.gnu-tools-for-stm32.9-2020-q2-update.win32_1.5.0.202011040924/tools/bin/../lib/gcc/arm-none-eabi/9.3.1/../../../../arm-none-eabi/lib/thumb/v6-m/nofp\libnosys.a
END GROUP
START GROUP
LOAD c:/st/stm32cubeide_1.6.1/stm32cubeide/plugins/com.st.stm32cube.ide.mcu.externaltools.gnu-tools-for-stm32.9-2020-q2-update.win32_1.5.0.202011040924/tools/bin/../lib/gcc/arm-none-eabi/9.3.1/thumb/v6-m/nofp\libgcc.a
LOAD c:/st/stm32cubeide_1.6.1/stm32cubeide/plugins/com.st.stm32cube.ide.mcu.externaltools.gnu-tools-for-stm32.9-2020-q2-update.win32_1.5.0.202011040924/tools/bin/../lib/gcc/arm-none-eabi/9.3.1/../../../../arm-none-eabi/lib/thumb/v6-m/nofp\libc_nano.a
LOAD c:/st/stm32cubeide_1.6.1/stm32cubeide/plugins/com.st.stm32cube.ide.mcu.externaltools.gnu-tools-for-stm32.9-2020-q2-update.win32_1.5.0.202011040924/tools/bin/../lib/gcc/arm-none-eabi/9.3.1/../../../../arm-none-eabi/lib/thumb/v6-m/nofp\libnosys.a
END GROUP
LOAD c:/st/stm32cubeide_1.6.1/stm32cubeide/plugins/com.st.stm32cube.ide.mcu.externaltools.gnu-tools-for-stm32.9-2020-q2-update.win32_1.5.0.202011040924/tools/bin/../lib/gcc/arm-none-eabi/9.3.1/thumb/v6-m/nofp/crtend.o
LOAD c:/st/stm32cubeide_1.6.1/stm32cubeide/plugins/com.st.stm32cube.ide.mcu.externaltools.gnu-tools-for-stm32.9-2020-q2-update.win32_1.5.0.202011040924/tools/bin/../lib/gcc/arm-none-eabi/9.3.1/thumb/v6-m/nofp/crtn.o
                0x0000000020024000                _estack = (ORIGIN (RAM) + LENGTH (RAM))
                0x0000000000000200                _Min_Heap_Size = 0x200
                0x0000000000000400                _Min_Stack_Size = 0x400

.isr_vector     0x0000000008000000       0xbc
                0x0000000008000000                . = ALIGN (0x4)
 *(.isr_vector)
 .isr_vector    0x0000000008000000       0xbc Core/Startup/startup_stm32g0b1retx.o
                0x0000000008000000                g_pfnVectors
                0x00000000080000bc                . = ALIGN (0x4)

.text           0x00000000080000bc     0x1074
                0x00000000080000bc                . = ALIGN (0x4)
 *(.text)
 .text          0x00000000080000bc       0x48 c:/st/stm32cubeide_1.6.1/stm32cubeide/plugins/com.st.stm32cube.ide.mcu.externaltools.gnu-tools-for-stm32.9-2020-q2-update.win32_1.5.0.202011040924/tools/bin/../lib/gcc/arm-none-eabi/9.3.1/thumb/v6-m/nofp/crtbegin.o
 .text          0x0000000008000104      0x114 c:/st/stm32cubeide_1.6.1/stm32cubeide/plugins/com.st.stm32cube.ide.mcu.externaltools.gnu-tools-for-stm32.9-2020-q2-update.win32_1.5.0.202011040924/tools/bin/../lib/gcc/arm-none-eabi/9.3.1/thumb/v6-m/nofp\libgcc.a(_udivsi3.o)
                0x0000000008000104                __aeabi_uidiv
                0x0000000008000104                __udivsi3
                0x0000000008000210                __aeabi_uidivmod
 .text          0x0000000008000218        0x4 c:/st/stm32cubeide_1.6.1/stm32cubeide/plugins/com.st.stm32cube.ide.mcu.externaltools.gnu-tools-for-stm32.9-2020-q2-update.win32_1.5.0.202011040924/tools/bin/../lib/gcc/arm-none-eabi/9.3.1/thumb/v6-m/nofp\libgcc.a(_dvmd_tls.o)
                0x0000000008000218                __aeabi_idiv0
                0x0000000008000218                __aeabi_ldiv0
 *(.text*)
 .text.main     0x000000000800021c        0xe Core/Src/main.o
                0x000000000800021c                main
 .text._Z18SystemClock_Configv
                0x000000000800022a       0xa0 Core/Src/main.o
                0x000000000800022a                SystemClock_Config()
 .text.Error_Handler
                0x00000000080002ca        0xa Core/Src/main.o
                0x00000000080002ca                Error_Handler
 .text.HAL_MspInit
                0x00000000080002d4       0x50 Core/Src/stm32g0xx_hal_msp.o
                0x00000000080002d4                HAL_MspInit
 .text.NMI_Handler
                0x0000000008000324        0x6 Core/Src/stm32g0xx_it.o
                0x0000000008000324                NMI_Handler
 .text.HardFault_Handler
                0x000000000800032a        0x6 Core/Src/stm32g0xx_it.o
                0x000000000800032a                HardFault_Handler
 .text.SVC_Handler
                0x0000000008000330        0xa Core/Src/stm32g0xx_it.o
                0x0000000008000330                SVC_Handler
 .text.PendSV_Handler
                0x000000000800033a        0xa Core/Src/stm32g0xx_it.o
                0x000000000800033a                PendSV_Handler
 .text.SysTick_Handler
                0x0000000008000344        0xe Core/Src/stm32g0xx_it.o
                0x0000000008000344                SysTick_Handler
 *fill*         0x0000000008000352        0x2 
 .text.SystemInit
                0x0000000008000354       0x18 Core/Src/system_stm32g0xx.o
                0x0000000008000354                SystemInit
 .text.Reset_Handler
                0x000000000800036c       0x50 Core/Startup/startup_stm32g0b1retx.o
                0x000000000800036c                Reset_Handler
 .text.Default_Handler
                0x00000000080003bc        0x2 Core/Startup/startup_stm32g0b1retx.o
                0x00000000080003bc                I2C2_3_IRQHandler
                0x00000000080003bc                USART3_4_5_6_LPUART1_IRQHandler
                0x00000000080003bc                TIM1_CC_IRQHandler
                0x00000000080003bc                ADC1_COMP_IRQHandler
                0x00000000080003bc                I2C1_IRQHandler
                0x00000000080003bc                TIM7_LPTIM2_IRQHandler
                0x00000000080003bc                TIM17_FDCAN_IT1_IRQHandler
                0x00000000080003bc                DMA1_Ch4_7_DMA2_Ch1_5_DMAMUX1_OVR_IRQHandler
                0x00000000080003bc                RCC_CRS_IRQHandler
                0x00000000080003bc                RTC_TAMP_IRQHandler
                0x00000000080003bc                SPI1_IRQHandler
                0x00000000080003bc                USB_UCPD1_2_IRQHandler
                0x00000000080003bc                EXTI2_3_IRQHandler
                0x00000000080003bc                USART2_LPUART2_IRQHandler
                0x00000000080003bc                PVD_VDDIO2_IRQHandler
                0x00000000080003bc                EXTI4_15_IRQHandler
                0x00000000080003bc                DMA1_Channel1_IRQHandler
                0x00000000080003bc                Default_Handler
                0x00000000080003bc                CEC_IRQHandler
                0x00000000080003bc                TIM14_IRQHandler
                0x00000000080003bc                TIM15_IRQHandler
                0x00000000080003bc                TIM3_TIM4_IRQHandler
                0x00000000080003bc                EXTI0_1_IRQHandler
                0x00000000080003bc                SPI2_3_IRQHandler
                0x00000000080003bc                TIM6_DAC_LPTIM1_IRQHandler
                0x00000000080003bc                WWDG_IRQHandler
                0x00000000080003bc                TIM2_IRQHandler
                0x00000000080003bc                DMA1_Channel2_3_IRQHandler
                0x00000000080003bc                FLASH_IRQHandler
                0x00000000080003bc                USART1_IRQHandler
                0x00000000080003bc                TIM16_FDCAN_IT0_IRQHandler
                0x00000000080003bc                TIM1_BRK_UP_TRG_COM_IRQHandler
 *fill*         0x00000000080003be        0x2 
 .text.HAL_Init
                0x00000000080003c0       0x40 Drivers/STM32G0xx_HAL_Driver/Src/stm32g0xx_hal.o
                0x00000000080003c0                HAL_Init
 .text.HAL_InitTick
                0x0000000008000400       0x94 Drivers/STM32G0xx_HAL_Driver/Src/stm32g0xx_hal.o
                0x0000000008000400                HAL_InitTick
 .text.HAL_IncTick
                0x0000000008000494       0x24 Drivers/STM32G0xx_HAL_Driver/Src/stm32g0xx_hal.o
                0x0000000008000494                HAL_IncTick
 .text.HAL_GetTick
                0x00000000080004b8       0x14 Drivers/STM32G0xx_HAL_Driver/Src/stm32g0xx_hal.o
                0x00000000080004b8                HAL_GetTick
 .text.HAL_SYSCFG_StrobeDBattpinsConfig
                0x00000000080004cc       0x2c Drivers/STM32G0xx_HAL_Driver/Src/stm32g0xx_hal.o
                0x00000000080004cc                HAL_SYSCFG_StrobeDBattpinsConfig
 .text.__NVIC_SetPriority
                0x00000000080004f8       0xdc Drivers/STM32G0xx_HAL_Driver/Src/stm32g0xx_hal_cortex.o
 .text.SysTick_Config
                0x00000000080005d4       0x48 Drivers/STM32G0xx_HAL_Driver/Src/stm32g0xx_hal_cortex.o
 .text.HAL_NVIC_SetPriority
                0x000000000800061c       0x2a Drivers/STM32G0xx_HAL_Driver/Src/stm32g0xx_hal_cortex.o
                0x000000000800061c                HAL_NVIC_SetPriority
 .text.HAL_SYSTICK_Config
                0x0000000008000646       0x1a Drivers/STM32G0xx_HAL_Driver/Src/stm32g0xx_hal_cortex.o
                0x0000000008000646                HAL_SYSTICK_Config
 .text.HAL_PWREx_ControlVoltageScaling
                0x0000000008000660       0x80 Drivers/STM32G0xx_HAL_Driver/Src/stm32g0xx_hal_pwr_ex.o
                0x0000000008000660                HAL_PWREx_ControlVoltageScaling
 .text.HAL_RCC_OscConfig
                0x00000000080006e0      0x6cc Drivers/STM32G0xx_HAL_Driver/Src/stm32g0xx_hal_rcc.o
                0x00000000080006e0                HAL_RCC_OscConfig
 .text.HAL_RCC_ClockConfig
                0x0000000008000dac      0x210 Drivers/STM32G0xx_HAL_Driver/Src/stm32g0xx_hal_rcc.o
                0x0000000008000dac                HAL_RCC_ClockConfig
 .text.HAL_RCC_GetSysClockFreq
                0x0000000008000fbc      0x104 Drivers/STM32G0xx_HAL_Driver/Src/stm32g0xx_hal_rcc.o
                0x0000000008000fbc                HAL_RCC_GetSysClockFreq
 .text.__libc_init_array
                0x00000000080010c0       0x48 c:/st/stm32cubeide_1.6.1/stm32cubeide/plugins/com.st.stm32cube.ide.mcu.externaltools.gnu-tools-for-stm32.9-2020-q2-update.win32_1.5.0.202011040924/tools/bin/../lib/gcc/arm-none-eabi/9.3.1/../../../../arm-none-eabi/lib/thumb/v6-m/nofp\libc_nano.a(lib_a-init.o)
                0x00000000080010c0                __libc_init_array
 .text.memset   0x0000000008001108       0x10 c:/st/stm32cubeide_1.6.1/stm32cubeide/plugins/com.st.stm32cube.ide.mcu.externaltools.gnu-tools-for-stm32.9-2020-q2-update.win32_1.5.0.202011040924/tools/bin/../lib/gcc/arm-none-eabi/9.3.1/../../../../arm-none-eabi/lib/thumb/v6-m/nofp\libc_nano.a(lib_a-memset.o)
                0x0000000008001108                memset
 *(.glue_7)
 .glue_7        0x0000000008001118        0x0 linker stubs
 *(.glue_7t)
 .glue_7t       0x0000000008001118        0x0 linker stubs
 *(.eh_frame)
 .eh_frame      0x0000000008001118        0x0 c:/st/stm32cubeide_1.6.1/stm32cubeide/plugins/com.st.stm32cube.ide.mcu.externaltools.gnu-tools-for-stm32.9-2020-q2-update.win32_1.5.0.202011040924/tools/bin/../lib/gcc/arm-none-eabi/9.3.1/thumb/v6-m/nofp/crtbegin.o
 *(.init)
 .init          0x0000000008001118        0x4 c:/st/stm32cubeide_1.6.1/stm32cubeide/plugins/com.st.stm32cube.ide.mcu.externaltools.gnu-tools-for-stm32.9-2020-q2-update.win32_1.5.0.202011040924/tools/bin/../lib/gcc/arm-none-eabi/9.3.1/thumb/v6-m/nofp/crti.o
                0x0000000008001118                _init
 .init          0x000000000800111c        0x8 c:/st/stm32cubeide_1.6.1/stm32cubeide/plugins/com.st.stm32cube.ide.mcu.externaltools.gnu-tools-for-stm32.9-2020-q2-update.win32_1.5.0.202011040924/tools/bin/../lib/gcc/arm-none-eabi/9.3.1/thumb/v6-m/nofp/crtn.o
 *(.fini)
 .fini          0x0000000008001124        0x4 c:/st/stm32cubeide_1.6.1/stm32cubeide/plugins/com.st.stm32cube.ide.mcu.externaltools.gnu-tools-for-stm32.9-2020-q2-update.win32_1.5.0.202011040924/tools/bin/../lib/gcc/arm-none-eabi/9.3.1/thumb/v6-m/nofp/crti.o
                0x0000000008001124                _fini
 .fini          0x0000000008001128        0x8 c:/st/stm32cubeide_1.6.1/stm32cubeide/plugins/com.st.stm32cube.ide.mcu.externaltools.gnu-tools-for-stm32.9-2020-q2-update.win32_1.5.0.202011040924/tools/bin/../lib/gcc/arm-none-eabi/9.3.1/thumb/v6-m/nofp/crtn.o
                0x0000000008001130                . = ALIGN (0x4)
                0x0000000008001130                _etext = .

.vfp11_veneer   0x0000000008001130        0x0
 .vfp11_veneer  0x0000000008001130        0x0 linker stubs

.v4_bx          0x0000000008001130        0x0
 .v4_bx         0x0000000008001130        0x0 linker stubs

.iplt           0x0000000008001130        0x0
 .iplt          0x0000000008001130        0x0 c:/st/stm32cubeide_1.6.1/stm32cubeide/plugins/com.st.stm32cube.ide.mcu.externaltools.gnu-tools-for-stm32.9-2020-q2-update.win32_1.5.0.202011040924/tools/bin/../lib/gcc/arm-none-eabi/9.3.1/thumb/v6-m/nofp/crtbegin.o

.rodata         0x0000000008001130       0x40
                0x0000000008001130                . = ALIGN (0x4)
 *(.rodata)
 *(.rodata*)
 .rodata.AHBPrescTable
                0x0000000008001130       0x40 Core/Src/system_stm32g0xx.o
                0x0000000008001130                AHBPrescTable
                0x0000000008001170                . = ALIGN (0x4)

.rel.dyn        0x0000000008001170        0x0
 .rel.iplt      0x0000000008001170        0x0 c:/st/stm32cubeide_1.6.1/stm32cubeide/plugins/com.st.stm32cube.ide.mcu.externaltools.gnu-tools-for-stm32.9-2020-q2-update.win32_1.5.0.202011040924/tools/bin/../lib/gcc/arm-none-eabi/9.3.1/thumb/v6-m/nofp/crtbegin.o

.ARM.extab      0x0000000008001170        0x0
                0x0000000008001170                . = ALIGN (0x4)
 *(.ARM.extab* .gnu.linkonce.armextab.*)
                0x0000000008001170                . = ALIGN (0x4)

.ARM            0x0000000008001170        0x0
                0x0000000008001170                . = ALIGN (0x4)
                0x0000000008001170                __exidx_start = .
 *(.ARM.exidx*)
                0x0000000008001170                __exidx_end = .
                0x0000000008001170                . = ALIGN (0x4)

.preinit_array  0x0000000008001170        0x0
                0x0000000008001170                . = ALIGN (0x4)
                0x0000000008001170                PROVIDE (__preinit_array_start = .)
 *(.preinit_array*)
                0x0000000008001170                PROVIDE (__preinit_array_end = .)
                0x0000000008001170                . = ALIGN (0x4)

.init_array     0x0000000008001170        0x4
                0x0000000008001170                . = ALIGN (0x4)
                0x0000000008001170                PROVIDE (__init_array_start = .)
 *(SORT_BY_NAME(.init_array.*))
 *(.init_array*)
 .init_array    0x0000000008001170        0x4 c:/st/stm32cubeide_1.6.1/stm32cubeide/plugins/com.st.stm32cube.ide.mcu.externaltools.gnu-tools-for-stm32.9-2020-q2-update.win32_1.5.0.202011040924/tools/bin/../lib/gcc/arm-none-eabi/9.3.1/thumb/v6-m/nofp/crtbegin.o
                0x0000000008001174                PROVIDE (__init_array_end = .)
                0x0000000008001174                . = ALIGN (0x4)

.fini_array     0x0000000008001174        0x4
                0x0000000008001174                . = ALIGN (0x4)
                [!provide]                        PROVIDE (__fini_array_start = .)
 *(SORT_BY_NAME(.fini_array.*))
 *(.fini_array*)
 .fini_array    0x0000000008001174        0x4 c:/st/stm32cubeide_1.6.1/stm32cubeide/plugins/com.st.stm32cube.ide.mcu.externaltools.gnu-tools-for-stm32.9-2020-q2-update.win32_1.5.0.202011040924/tools/bin/../lib/gcc/arm-none-eabi/9.3.1/thumb/v6-m/nofp/crtbegin.o
                [!provide]                        PROVIDE (__fini_array_end = .)
                0x0000000008001178                . = ALIGN (0x4)
                0x0000000008001178                _sidata = LOADADDR (.data)

.data           0x0000000020000000        0xc load address 0x0000000008001178
                0x0000000020000000                . = ALIGN (0x4)
                0x0000000020000000                _sdata = .
 *(.data)
 *(.data*)
 .data.SystemCoreClock
                0x0000000020000000        0x4 Core/Src/system_stm32g0xx.o
                0x0000000020000000                SystemCoreClock
 .data.uwTickPrio
                0x0000000020000004        0x4 Drivers/STM32G0xx_HAL_Driver/Src/stm32g0xx_hal.o
                0x0000000020000004                uwTickPrio
 .data.uwTickFreq
                0x0000000020000008        0x1 Drivers/STM32G0xx_HAL_Driver/Src/stm32g0xx_hal.o
                0x0000000020000008                uwTickFreq
 *(.RamFunc)
 *(.RamFunc*)
                0x000000002000000c                . = ALIGN (0x4)
 *fill*         0x0000000020000009        0x3 
                0x000000002000000c                _edata = .

.igot.plt       0x000000002000000c        0x0 load address 0x0000000008001184
 .igot.plt      0x000000002000000c        0x0 c:/st/stm32cubeide_1.6.1/stm32cubeide/plugins/com.st.stm32cube.ide.mcu.externaltools.gnu-tools-for-stm32.9-2020-q2-update.win32_1.5.0.202011040924/tools/bin/../lib/gcc/arm-none-eabi/9.3.1/thumb/v6-m/nofp/crtbegin.o
                0x000000002000000c                . = ALIGN (0x4)

.bss            0x000000002000000c       0x20 load address 0x0000000008001184
                0x000000002000000c                _sbss = .
                0x000000002000000c                __bss_start__ = _sbss
 *(.bss)
 .bss           0x000000002000000c       0x1c c:/st/stm32cubeide_1.6.1/stm32cubeide/plugins/com.st.stm32cube.ide.mcu.externaltools.gnu-tools-for-stm32.9-2020-q2-update.win32_1.5.0.202011040924/tools/bin/../lib/gcc/arm-none-eabi/9.3.1/thumb/v6-m/nofp/crtbegin.o
 *(.bss*)
 *(COMMON)
 COMMON         0x0000000020000028        0x4 Drivers/STM32G0xx_HAL_Driver/Src/stm32g0xx_hal.o
                0x0000000020000028                uwTick
                0x000000002000002c                . = ALIGN (0x4)
                0x000000002000002c                _ebss = .
                0x000000002000002c                __bss_end__ = _ebss

._user_heap_stack
                0x000000002000002c      0x604 load address 0x0000000008001184
                0x0000000020000030                . = ALIGN (0x8)
 *fill*         0x000000002000002c        0x4 
                [!provide]                        PROVIDE (end = .)
                0x0000000020000030                PROVIDE (_end = .)
                0x0000000020000230                . = (. + _Min_Heap_Size)
 *fill*         0x0000000020000030      0x200 
                0x0000000020000630                . = (. + _Min_Stack_Size)
 *fill*         0x0000000020000230      0x400 
                0x0000000020000630                . = ALIGN (0x8)

/DISCARD/
 libc.a(*)
 libm.a(*)
 libgcc.a(*)

.ARM.attributes
                0x0000000000000000       0x28
 *(.ARM.attributes)
 .ARM.attributes
                0x0000000000000000       0x1e c:/st/stm32cubeide_1.6.1/stm32cubeide/plugins/com.st.stm32cube.ide.mcu.externaltools.gnu-tools-for-stm32.9-2020-q2-update.win32_1.5.0.202011040924/tools/bin/../lib/gcc/arm-none-eabi/9.3.1/thumb/v6-m/nofp/crti.o
 .ARM.attributes
                0x000000000000001e       0x2c c:/st/stm32cubeide_1.6.1/stm32cubeide/plugins/com.st.stm32cube.ide.mcu.externaltools.gnu-tools-for-stm32.9-2020-q2-update.win32_1.5.0.202011040924/tools/bin/../lib/gcc/arm-none-eabi/9.3.1/thumb/v6-m/nofp/crtbegin.o
 .ARM.attributes
                0x000000000000004a       0x2c Core/Src/main.o
 .ARM.attributes
                0x0000000000000076       0x2c Core/Src/stm32g0xx_hal_msp.o
 .ARM.attributes
                0x00000000000000a2       0x2c Core/Src/stm32g0xx_it.o
 .ARM.attributes
                0x00000000000000ce       0x2c Core/Src/system_stm32g0xx.o
 .ARM.attributes
                0x00000000000000fa       0x22 Core/Startup/startup_stm32g0b1retx.o
 .ARM.attributes
                0x000000000000011c       0x2c Drivers/STM32G0xx_HAL_Driver/Src/stm32g0xx_hal.o
 .ARM.attributes
                0x0000000000000148       0x2c Drivers/STM32G0xx_HAL_Driver/Src/stm32g0xx_hal_cortex.o
 .ARM.attributes
                0x0000000000000174       0x2c Drivers/STM32G0xx_HAL_Driver/Src/stm32g0xx_hal_pwr_ex.o
 .ARM.attributes
                0x00000000000001a0       0x2c Drivers/STM32G0xx_HAL_Driver/Src/stm32g0xx_hal_rcc.o
 .ARM.attributes
                0x00000000000001cc       0x2c c:/st/stm32cubeide_1.6.1/stm32cubeide/plugins/com.st.stm32cube.ide.mcu.externaltools.gnu-tools-for-stm32.9-2020-q2-update.win32_1.5.0.202011040924/tools/bin/../lib/gcc/arm-none-eabi/9.3.1/../../../../arm-none-eabi/lib/thumb/v6-m/nofp\libc_nano.a(lib_a-init.o)
 .ARM.attributes
                0x00000000000001f8       0x2c c:/st/stm32cubeide_1.6.1/stm32cubeide/plugins/com.st.stm32cube.ide.mcu.externaltools.gnu-tools-for-stm32.9-2020-q2-update.win32_1.5.0.202011040924/tools/bin/../lib/gcc/arm-none-eabi/9.3.1/../../../../arm-none-eabi/lib/thumb/v6-m/nofp\libc_nano.a(lib_a-memset.o)
 .ARM.attributes
                0x0000000000000224       0x1e c:/st/stm32cubeide_1.6.1/stm32cubeide/plugins/com.st.stm32cube.ide.mcu.externaltools.gnu-tools-for-stm32.9-2020-q2-update.win32_1.5.0.202011040924/tools/bin/../lib/gcc/arm-none-eabi/9.3.1/thumb/v6-m/nofp\libgcc.a(_udivsi3.o)
 .ARM.attributes
                0x0000000000000242       0x1e c:/st/stm32cubeide_1.6.1/stm32cubeide/plugins/com.st.stm32cube.ide.mcu.externaltools.gnu-tools-for-stm32.9-2020-q2-update.win32_1.5.0.202011040924/tools/bin/../lib/gcc/arm-none-eabi/9.3.1/thumb/v6-m/nofp\libgcc.a(_dvmd_tls.o)
 .ARM.attributes
                0x0000000000000260       0x1e c:/st/stm32cubeide_1.6.1/stm32cubeide/plugins/com.st.stm32cube.ide.mcu.externaltools.gnu-tools-for-stm32.9-2020-q2-update.win32_1.5.0.202011040924/tools/bin/../lib/gcc/arm-none-eabi/9.3.1/thumb/v6-m/nofp/crtn.o
OUTPUT(bootloader.elf elf32-littlearm)
LOAD linker stubs
LOAD c:/st/stm32cubeide_1.6.1/stm32cubeide/plugins/com.st.stm32cube.ide.mcu.externaltools.gnu-tools-for-stm32.9-2020-q2-update.win32_1.5.0.202011040924/tools/bin/../lib/gcc/arm-none-eabi/9.3.1/../../../../arm-none-eabi/lib/thumb/v6-m/nofp\libc.a
LOAD c:/st/stm32cubeide_1.6.1/stm32cubeide/plugins/com.st.stm32cube.ide.mcu.externaltools.gnu-tools-for-stm32.9-2020-q2-update.win32_1.5.0.202011040924/tools/bin/../lib/gcc/arm-none-eabi/9.3.1/../../../../arm-none-eabi/lib/thumb/v6-m/nofp\libm.a
LOAD c:/st/stm32cubeide_1.6.1/stm32cubeide/plugins/com.st.stm32cube.ide.mcu.externaltools.gnu-tools-for-stm32.9-2020-q2-update.win32_1.5.0.202011040924/tools/bin/../lib/gcc/arm-none-eabi/9.3.1/thumb/v6-m/nofp\libgcc.a

.debug_info     0x0000000000000000    0x100a8
 .debug_info    0x0000000000000000     0xc7ec Core/Src/main.o
 .debug_info    0x000000000000c7ec      0x3e8 Core/Src/stm32g0xx_hal_msp.o
 .debug_info    0x000000000000cbd4      0x284 Core/Src/stm32g0xx_it.o
 .debug_info    0x000000000000ce58      0x4fc Core/Src/system_stm32g0xx.o
 .debug_info    0x000000000000d354       0x22 Core/Startup/startup_stm32g0b1retx.o
 .debug_info    0x000000000000d376      0xbfb Drivers/STM32G0xx_HAL_Driver/Src/stm32g0xx_hal.o
 .debug_info    0x000000000000df71      0xa5f Drivers/STM32G0xx_HAL_Driver/Src/stm32g0xx_hal_cortex.o
 .debug_info    0x000000000000e9d0      0xa53 Drivers/STM32G0xx_HAL_Driver/Src/stm32g0xx_hal_pwr_ex.o
 .debug_info    0x000000000000f423      0xc85 Drivers/STM32G0xx_HAL_Driver/Src/stm32g0xx_hal_rcc.o

.debug_abbrev   0x0000000000000000     0x19b4
 .debug_abbrev  0x0000000000000000      0xc46 Core/Src/main.o
 .debug_abbrev  0x0000000000000c46      0x13d Core/Src/stm32g0xx_hal_msp.o
 .debug_abbrev  0x0000000000000d83      0x103 Core/Src/stm32g0xx_it.o
 .debug_abbrev  0x0000000000000e86      0x165 Core/Src/system_stm32g0xx.o
 .debug_abbrev  0x0000000000000feb       0x12 Core/Startup/startup_stm32g0b1retx.o
 .debug_abbrev  0x0000000000000ffd      0x265 Drivers/STM32G0xx_HAL_Driver/Src/stm32g0xx_hal.o
 .debug_abbrev  0x0000000000001262      0x2c5 Drivers/STM32G0xx_HAL_Driver/Src/stm32g0xx_hal_cortex.o
 .debug_abbrev  0x0000000000001527      0x245 Drivers/STM32G0xx_HAL_Driver/Src/stm32g0xx_hal_pwr_ex.o
 .debug_abbrev  0x000000000000176c      0x248 Drivers/STM32G0xx_HAL_Driver/Src/stm32g0xx_hal_rcc.o

.debug_aranges  0x0000000000000000      0x4b0
 .debug_aranges
                0x0000000000000000       0x38 Core/Src/main.o
 .debug_aranges
                0x0000000000000038       0x20 Core/Src/stm32g0xx_hal_msp.o
 .debug_aranges
                0x0000000000000058       0x40 Core/Src/stm32g0xx_it.o
 .debug_aranges
                0x0000000000000098       0x28 Core/Src/system_stm32g0xx.o
 .debug_aranges
                0x00000000000000c0       0x28 Core/Startup/startup_stm32g0b1retx.o
 .debug_aranges
                0x00000000000000e8      0x130 Drivers/STM32G0xx_HAL_Driver/Src/stm32g0xx_hal.o
 .debug_aranges
                0x0000000000000218       0xd8 Drivers/STM32G0xx_HAL_Driver/Src/stm32g0xx_hal_cortex.o
 .debug_aranges
                0x00000000000002f0      0x128 Drivers/STM32G0xx_HAL_Driver/Src/stm32g0xx_hal_pwr_ex.o
 .debug_aranges
                0x0000000000000418       0x98 Drivers/STM32G0xx_HAL_Driver/Src/stm32g0xx_hal_rcc.o

.debug_ranges   0x0000000000000000      0x428
 .debug_ranges  0x0000000000000000       0x28 Core/Src/main.o
 .debug_ranges  0x0000000000000028       0x10 Core/Src/stm32g0xx_hal_msp.o
 .debug_ranges  0x0000000000000038       0x30 Core/Src/stm32g0xx_it.o
 .debug_ranges  0x0000000000000068       0x18 Core/Src/system_stm32g0xx.o
 .debug_ranges  0x0000000000000080       0x20 Core/Startup/startup_stm32g0b1retx.o
 .debug_ranges  0x00000000000000a0      0x120 Drivers/STM32G0xx_HAL_Driver/Src/stm32g0xx_hal.o
 .debug_ranges  0x00000000000001c0       0xc8 Drivers/STM32G0xx_HAL_Driver/Src/stm32g0xx_hal_cortex.o
 .debug_ranges  0x0000000000000288      0x118 Drivers/STM32G0xx_HAL_Driver/Src/stm32g0xx_hal_pwr_ex.o
 .debug_ranges  0x00000000000003a0       0x88 Drivers/STM32G0xx_HAL_Driver/Src/stm32g0xx_hal_rcc.o

.debug_macro    0x0000000000000000    0x1b80f
 .debug_macro   0x0000000000000000      0x7ca Core/Src/main.o
 .debug_macro   0x00000000000007ca      0xbc8 Core/Src/main.o
 .debug_macro   0x0000000000001392      0x11e Core/Src/main.o
 .debug_macro   0x00000000000014b0       0x2e Core/Src/main.o
 .debug_macro   0x00000000000014de       0x28 Core/Src/main.o
 .debug_macro   0x0000000000001506       0x1c Core/Src/main.o
 .debug_macro   0x0000000000001522       0x1c Core/Src/main.o
 .debug_macro   0x000000000000153e       0x22 Core/Src/main.o
 .debug_macro   0x0000000000001560       0xd7 Core/Src/main.o
 .debug_macro   0x0000000000001637      0x4da Core/Src/main.o
 .debug_macro   0x0000000000001b11      0x11f Core/Src/main.o
 .debug_macro   0x0000000000001c30     0xf1a0 Core/Src/main.o
 .debug_macro   0x0000000000010dd0       0x3c Core/Src/main.o
 .debug_macro   0x0000000000010e0c     0x34b5 Core/Src/main.o
 .debug_macro   0x00000000000142c1      0x17b Core/Src/main.o
 .debug_macro   0x000000000001443c       0x5c Core/Src/main.o
 .debug_macro   0x0000000000014498      0x72c Core/Src/main.o
 .debug_macro   0x0000000000014bc4     0x14d1 Core/Src/main.o
 .debug_macro   0x0000000000016095      0x535 Core/Src/main.o
 .debug_macro   0x00000000000165ca      0x153 Core/Src/main.o
 .debug_macro   0x000000000001671d      0x25c Core/Src/main.o
 .debug_macro   0x0000000000016979      0x4f5 Core/Src/main.o
 .debug_macro   0x0000000000016e6e      0x280 Core/Src/main.o
 .debug_macro   0x00000000000170ee      0x417 Core/Src/main.o
 .debug_macro   0x0000000000017505      0x1b2 Core/Src/main.o
 .debug_macro   0x00000000000176b7       0x43 Core/Src/main.o
 .debug_macro   0x00000000000176fa      0x1f1 Core/Src/main.o
 .debug_macro   0x00000000000178eb      0x1e4 Core/Src/main.o
 .debug_macro   0x0000000000017acf      0x3fa Core/Src/main.o
 .debug_macro   0x0000000000017ec9       0x28 Core/Src/main.o
 .debug_macro   0x0000000000017ef1       0xeb Core/Src/main.o
 .debug_macro   0x0000000000017fdc      0x145 Core/Src/main.o
 .debug_macro   0x0000000000018121      0x30b Core/Src/main.o
 .debug_macro   0x000000000001842c      0x5df Core/Src/main.o
 .debug_macro   0x0000000000018a0b      0x17c Core/Src/main.o
 .debug_macro   0x0000000000018b87       0x10 Core/Src/main.o
 .debug_macro   0x0000000000018b97       0x9e Core/Src/main.o
 .debug_macro   0x0000000000018c35       0xfd Core/Src/main.o
 .debug_macro   0x0000000000018d32      0x392 Core/Src/main.o
 .debug_macro   0x00000000000190c4       0x28 Core/Src/main.o
 .debug_macro   0x00000000000190ec       0x6a Core/Src/main.o
 .debug_macro   0x0000000000019156       0x18 Core/Src/main.o
 .debug_macro   0x000000000001916e       0x2e Core/Src/main.o
 .debug_macro   0x000000000001919c       0x1c Core/Src/main.o
 .debug_macro   0x00000000000191b8       0x10 Core/Src/main.o
 .debug_macro   0x00000000000191c8       0x18 Core/Src/main.o
 .debug_macro   0x00000000000191e0       0x6e Core/Src/main.o
 .debug_macro   0x000000000001924e       0x2e Core/Src/main.o
 .debug_macro   0x000000000001927c       0x1f Core/Src/main.o
 .debug_macro   0x000000000001929b       0x88 Core/Src/main.o
 .debug_macro   0x0000000000019323       0x19 Core/Src/main.o
 .debug_macro   0x000000000001933c       0x34 Core/Src/main.o
 .debug_macro   0x0000000000019370       0x43 Core/Src/main.o
 .debug_macro   0x00000000000193b3       0x16 Core/Src/main.o
 .debug_macro   0x00000000000193c9       0x1c Core/Src/main.o
 .debug_macro   0x00000000000193e5       0x3c Core/Src/main.o
 .debug_macro   0x0000000000019421      0x356 Core/Src/main.o
 .debug_macro   0x0000000000019777       0x10 Core/Src/main.o
 .debug_macro   0x0000000000019787       0x10 Core/Src/main.o
 .debug_macro   0x0000000000019797       0x33 Core/Src/main.o
 .debug_macro   0x00000000000197ca      0x173 Core/Src/main.o
 .debug_macro   0x000000000001993d       0x11 Core/Src/main.o
 .debug_macro   0x000000000001994e       0x17 Core/Src/main.o
 .debug_macro   0x0000000000019965       0x10 Core/Src/main.o
 .debug_macro   0x0000000000019975       0x35 Core/Src/main.o
 .debug_macro   0x00000000000199aa       0x5e Core/Src/main.o
 .debug_macro   0x0000000000019a08       0x16 Core/Src/main.o
 .debug_macro   0x0000000000019a1e       0x52 Core/Src/main.o
 .debug_macro   0x0000000000019a70       0x5e Core/Src/main.o
 .debug_macro   0x0000000000019ace       0x11 Core/Src/main.o
 .debug_macro   0x0000000000019adf       0x11 Core/Src/main.o
 .debug_macro   0x0000000000019af0       0x11 Core/Src/main.o
 .debug_macro   0x0000000000019b01       0x2f Core/Src/main.o
 .debug_macro   0x0000000000019b30       0x16 Core/Src/main.o
 .debug_macro   0x0000000000019b46       0x10 Core/Src/main.o
 .debug_macro   0x0000000000019b56      0x120 Core/Src/main.o
 .debug_macro   0x0000000000019c76       0x17 Core/Src/main.o
 .debug_macro   0x0000000000019c8d       0x10 Core/Src/main.o
 .debug_macro   0x0000000000019c9d       0x16 Core/Src/main.o
 .debug_macro   0x0000000000019cb3       0x16 Core/Src/main.o
 .debug_macro   0x0000000000019cc9       0x29 Core/Src/main.o
 .debug_macro   0x0000000000019cf2       0x1c Core/Src/main.o
 .debug_macro   0x0000000000019d0e       0xde Core/Src/main.o
 .debug_macro   0x0000000000019dec       0x1c Core/Src/main.o
 .debug_macro   0x0000000000019e08       0x10 Core/Src/main.o
 .debug_macro   0x0000000000019e18       0x1c Core/Src/main.o
 .debug_macro   0x0000000000019e34       0x52 Core/Src/main.o
 .debug_macro   0x0000000000019e86       0x22 Core/Src/main.o
 .debug_macro   0x0000000000019ea8       0x10 Core/Src/main.o
 .debug_macro   0x0000000000019eb8       0x40 Core/Src/main.o
 .debug_macro   0x0000000000019ef8       0xd5 Core/Src/main.o
 .debug_macro   0x0000000000019fcd       0x1c Core/Src/main.o
 .debug_macro   0x0000000000019fe9       0x3d Core/Src/main.o
 .debug_macro   0x000000000001a026       0x16 Core/Src/main.o
 .debug_macro   0x000000000001a03c      0x130 Core/Src/main.o
 .debug_macro   0x000000000001a16c      0x11d Core/Src/main.o
 .debug_macro   0x000000000001a289       0x10 Core/Src/main.o
 .debug_macro   0x000000000001a299      0x241 Core/Src/main.o
 .debug_macro   0x000000000001a4da       0x19 Core/Src/main.o
 .debug_macro   0x000000000001a4f3       0x16 Core/Src/main.o
 .debug_macro   0x000000000001a509       0x10 Core/Src/main.o
 .debug_macro   0x000000000001a519       0x41 Core/Src/main.o
 .debug_macro   0x000000000001a55a       0x40 Core/Src/main.o
 .debug_macro   0x000000000001a59a       0x20 Core/Src/main.o
 .debug_macro   0x000000000001a5ba       0x10 Core/Src/main.o
 .debug_macro   0x000000000001a5ca       0x16 Core/Src/main.o
 .debug_macro   0x000000000001a5e0       0x8e Core/Src/main.o
 .debug_macro   0x000000000001a66e      0x1c1 Core/Src/stm32g0xx_hal_msp.o
 .debug_macro   0x000000000001a82f      0x4da Core/Src/stm32g0xx_hal_msp.o
 .debug_macro   0x000000000001ad09      0x1cb Core/Src/stm32g0xx_it.o
 .debug_macro   0x000000000001aed4      0x1bd Core/Src/system_stm32g0xx.o
 .debug_macro   0x000000000001b091      0x1db Drivers/STM32G0xx_HAL_Driver/Src/stm32g0xx_hal.o
 .debug_macro   0x000000000001b26c      0x1b7 Drivers/STM32G0xx_HAL_Driver/Src/stm32g0xx_hal_cortex.o
 .debug_macro   0x000000000001b423      0x1e1 Drivers/STM32G0xx_HAL_Driver/Src/stm32g0xx_hal_pwr_ex.o
 .debug_macro   0x000000000001b604      0x20b Drivers/STM32G0xx_HAL_Driver/Src/stm32g0xx_hal_rcc.o

.debug_line     0x0000000000000000     0x59d8
 .debug_line    0x0000000000000000     0x1560 Core/Src/main.o
 .debug_line    0x0000000000001560      0x6a7 Core/Src/stm32g0xx_hal_msp.o
 .debug_line    0x0000000000001c07      0x70a Core/Src/stm32g0xx_it.o
 .debug_line    0x0000000000002311      0x720 Core/Src/system_stm32g0xx.o
 .debug_line    0x0000000000002a31       0x89 Core/Startup/startup_stm32g0b1retx.o
 .debug_line    0x0000000000002aba      0xa7e Drivers/STM32G0xx_HAL_Driver/Src/stm32g0xx_hal.o
 .debug_line    0x0000000000003538      0xacf Drivers/STM32G0xx_HAL_Driver/Src/stm32g0xx_hal_cortex.o
 .debug_line    0x0000000000004007      0xb15 Drivers/STM32G0xx_HAL_Driver/Src/stm32g0xx_hal_pwr_ex.o
 .debug_line    0x0000000000004b1c      0xebc Drivers/STM32G0xx_HAL_Driver/Src/stm32g0xx_hal_rcc.o

.debug_str      0x0000000000000000    0xbf580
 .debug_str     0x0000000000000000    0xbdeb8 Core/Src/main.o
                                      0xbec62 (size before relaxing)
 .debug_str     0x00000000000bdeb8      0x28a Core/Src/stm32g0xx_hal_msp.o
                                      0xa335f (size before relaxing)
 .debug_str     0x00000000000be142       0x76 Core/Src/stm32g0xx_it.o
                                      0xa32ec (size before relaxing)
 .debug_str     0x00000000000be1b8       0xa6 Core/Src/system_stm32g0xx.o
                                      0xa33c8 (size before relaxing)
 .debug_str     0x00000000000be25e       0x36 Core/Startup/startup_stm32g0b1retx.o
                                         0x69 (size before relaxing)
 .debug_str     0x00000000000be294      0x7a4 Drivers/STM32G0xx_HAL_Driver/Src/stm32g0xx_hal.o
                                      0xa3bc3 (size before relaxing)
 .debug_str     0x00000000000bea38      0x2a7 Drivers/STM32G0xx_HAL_Driver/Src/stm32g0xx_hal_cortex.o
                                      0xa3886 (size before relaxing)
 .debug_str     0x00000000000becdf      0x472 Drivers/STM32G0xx_HAL_Driver/Src/stm32g0xx_hal_pwr_ex.o
                                      0xa3922 (size before relaxing)
 .debug_str     0x00000000000bf151      0x42f Drivers/STM32G0xx_HAL_Driver/Src/stm32g0xx_hal_rcc.o
                                      0xa3a27 (size before relaxing)

.comment        0x0000000000000000       0x53
 .comment       0x0000000000000000       0x53 Core/Src/main.o
                                         0x54 (size before relaxing)
 .comment       0x0000000000000053       0x54 Core/Src/stm32g0xx_hal_msp.o
 .comment       0x0000000000000053       0x54 Core/Src/stm32g0xx_it.o
 .comment       0x0000000000000053       0x54 Core/Src/system_stm32g0xx.o
 .comment       0x0000000000000053       0x54 Drivers/STM32G0xx_HAL_Driver/Src/stm32g0xx_hal.o
 .comment       0x0000000000000053       0x54 Drivers/STM32G0xx_HAL_Driver/Src/stm32g0xx_hal_cortex.o
 .comment       0x0000000000000053       0x54 Drivers/STM32G0xx_HAL_Driver/Src/stm32g0xx_hal_pwr_ex.o
 .comment       0x0000000000000053       0x54 Drivers/STM32G0xx_HAL_Driver/Src/stm32g0xx_hal_rcc.o

.debug_frame    0x0000000000000000      0xf0c
 .debug_frame   0x0000000000000000       0x88 Core/Src/main.o
 .debug_frame   0x0000000000000088       0x30 Core/Src/stm32g0xx_hal_msp.o
 .debug_frame   0x00000000000000b8       0x9c Core/Src/stm32g0xx_it.o
 .debug_frame   0x0000000000000154       0x4c Core/Src/system_stm32g0xx.o
 .debug_frame   0x00000000000001a0      0x41c Drivers/STM32G0xx_HAL_Driver/Src/stm32g0xx_hal.o
 .debug_frame   0x00000000000005bc      0x2fc Drivers/STM32G0xx_HAL_Driver/Src/stm32g0xx_hal_cortex.o
 .debug_frame   0x00000000000008b8      0x3f4 Drivers/STM32G0xx_HAL_Driver/Src/stm32g0xx_hal_pwr_ex.o
 .debug_frame   0x0000000000000cac      0x1f4 Drivers/STM32G0xx_HAL_Driver/Src/stm32g0xx_hal_rcc.o
 .debug_frame   0x0000000000000ea0       0x2c c:/st/stm32cubeide_1.6.1/stm32cubeide/plugins/com.st.stm32cube.ide.mcu.externaltools.gnu-tools-for-stm32.9-2020-q2-update.win32_1.5.0.202011040924/tools/bin/../lib/gcc/arm-none-eabi/9.3.1/../../../../arm-none-eabi/lib/thumb/v6-m/nofp\libc_nano.a(lib_a-init.o)
 .debug_frame   0x0000000000000ecc       0x20 c:/st/stm32cubeide_1.6.1/stm32cubeide/plugins/com.st.stm32cube.ide.mcu.externaltools.gnu-tools-for-stm32.9-2020-q2-update.win32_1.5.0.202011040924/tools/bin/../lib/gcc/arm-none-eabi/9.3.1/../../../../arm-none-eabi/lib/thumb/v6-m/nofp\libc_nano.a(lib_a-memset.o)
 .debug_frame   0x0000000000000eec       0x20 c:/st/stm32cubeide_1.6.1/stm32cubeide/plugins/com.st.stm32cube.ide.mcu.externaltools.gnu-tools-for-stm32.9-2020-q2-update.win32_1.5.0.202011040924/tools/bin/../lib/gcc/arm-none-eabi/9.3.1/thumb/v6-m/nofp\libgcc.a(_udivsi3.o)
