canard_dsdl.c:63:23:chooseMin	16	static
canard_dsdl.c:68:23:getBitCopySize	32	static
canard_dsdl.c:80:6:canardDSDLCopyBits	96	static
canard_dsdl.c:154:6:canardDSDLSetBit	40	static
canard_dsdl.c:163:6:canardDSDLSetUxx	104	static
canard_dsdl.c:184:6:canardDSDLSetIxx	40	static
canard_dsdl.c:192:6:canardDSDLGetBit	24	static
canard_dsdl.c:197:9:canardDSDLGetU8	48	static
canard_dsdl.c:207:10:canardDSDLGetU16	48	static
canard_dsdl.c:223:10:canardDSDLGetU32	48	static
canard_dsdl.c:242:10:canardDSDLGetU64	240	static
canard_dsdl.c:265:8:canardDSDLGetI8	64	static
canard_dsdl.c:274:9:canardDSDLGetI16	64	static
canard_dsdl.c:283:9:canardDSDLGetI32	72	static
canard_dsdl.c:292:9:canardDSDLGetI64	88	static
canard_dsdl.c:315:25:float16Pack	48	static
canard_dsdl.c:354:34:float16Unpack	32	static
canard_dsdl.c:370:6:canardDSDLSetF16	40	static
canard_dsdl.c:375:19:canardDSDLGetF16	24	static
canard_dsdl.c:388:6:canardDSDLSetF32	48	static
canard_dsdl.c:401:19:canardDSDLGetF32	32	static
canard_dsdl.c:422:19:canardDSDLGetF64	32	static
canard_dsdl.c:435:6:canardDSDLSetF64	48	static
