canard.c:63:28:crcAddByte	24	static
canard.c:81:28:crcAdd	48	static
canard.c:113:25:txMakeMessageSessionSpecifier	24	static
canard.c:121:25:txMakeServiceSessionSpecifier	24	static
canard.c:135:23:txGetPresentationLayerMTU	24	static
canard.c:154:24:txMakeCANID	56	static
canard.c:220:24:txMakeTailByte	24	static
canard.c:231:23:txRoundFramePayloadSizeUp	24	static
canard.c:240:43:txAllocateQueueItem	32	static
canard.c:262:43:txFindQueueSupremum	24	static
canard.c:284:24:txPushSingleFrame	64	static
canard.c:338:24:txPushMultiFrame	104	static
canard.c:508:21:rxTryParseFrame	32	static
canard.c:572:21:rxInitTransferFromFrame	16	static
canard.c:587:24:rxComputeTransferIDDifference	24	static
canard.c:600:23:rxSessionWritePayload	32	static
canard.c:652:21:rxSessionRestart	16	static
canard.c:666:23:rxSessionAcceptFrame	56	static
canard.c:736:23:rxSessionUpdate	48	static
canard.c:787:23:rxAcceptFrame	72	static
canard.c:882:16:canardInit	72	static
canard.c:898:9:canardTxPush	64	static
canard.c:935:20:canardTxPeek	24	static
canard.c:952:6:canardTxPop	16	static
canard.c:961:8:canardRxAccept2	80	static
canard.c:1015:8:canardRxAccept	40	static
canard.c:1023:8:canardRxSubscribe	48	static
canard.c:1058:8:canardRxUnsubscribe	40	static
